2025-11-27 00:25:03 [INFO] MainThread - CCSUProgramsCrawler is allowed to crawl: https://www.ccsu.edu/programs
2025-11-27 00:25:03 [INFO] MainThread - Get :https://www.ccsu.edu/programs
2025-11-27 00:25:03 [INFO] MainThread - Extraction is in progress....

2025-11-27 00:25:03 [INFO] ThreadPoolExecutor-0_0 - Get :https://www.ccsu.edu/programs/accounting-bs
2025-11-27 00:25:04 [INFO] ThreadPoolExecutor-0_2 - Get :https://www.ccsu.edu/programs/accounting-analytics-ocp
2025-11-27 00:25:04 [INFO] ThreadPoolExecutor-0_4 - Get :https://www.ccsu.edu/programs/african-studies-minor
2025-11-27 00:25:04 [INFO] ThreadPoolExecutor-0_3 - Get :https://www.ccsu.edu/programs/banking-excellence-certificate
2025-11-27 00:25:04 [INFO] ThreadPoolExecutor-0_5 - Get :https://www.ccsu.edu/programs/african-american-studies-minor
2025-11-27 00:25:04 [INFO] ThreadPoolExecutor-0_6 - Get :https://www.ccsu.edu/programs/american-studies-minor
2025-11-27 00:25:04 [INFO] ThreadPoolExecutor-0_7 - Get :https://www.ccsu.edu/programs/anthropology-ba
2025-11-27 00:25:04 [INFO] ThreadPoolExecutor-0_8 - Get :https://www.ccsu.edu/programs/anthropology-minor
2025-11-27 00:25:04 [INFO] ThreadPoolExecutor-0_9 - Get :https://www.ccsu.edu/programs/biological-anthropology-minor
2025-11-27 00:25:04 [INFO] ThreadPoolExecutor-0_0 - Get :https://www.ccsu.edu/programs/practicing-anthropology-minor
2025-11-27 00:25:04 [INFO] ThreadPoolExecutor-0_2 - Get :https://www.ccsu.edu/programs/archaeology-minor
2025-11-27 00:25:04 [INFO] ThreadPoolExecutor-0_4 - Get :https://www.ccsu.edu/programs/art-ba
2025-11-27 00:25:04 [INFO] ThreadPoolExecutor-0_3 - Get :https://www.ccsu.edu/programs/art-history-minor
2025-11-27 00:25:05 [INFO] ThreadPoolExecutor-0_5 - Get :https://www.ccsu.edu/programs/art-minor
2025-11-27 00:25:05 [INFO] ThreadPoolExecutor-0_6 - Get :https://www.ccsu.edu/programs/art-education-bs-certifiable-pk-12
2025-11-27 00:25:05 [INFO] ThreadPoolExecutor-0_7 - Get :https://www.ccsu.edu/programs/art-education-ms
2025-11-27 00:25:05 [INFO] ThreadPoolExecutor-0_8 - Get :https://www.ccsu.edu/programs/post-baccalaureate-teacher-preparation-art-education-k-12
2025-11-27 00:25:05 [INFO] ThreadPoolExecutor-0_9 - Get :https://www.ccsu.edu/programs/application-artificial-intelligence-minor
2025-11-27 00:25:05 [INFO] ThreadPoolExecutor-0_0 - Get :https://www.ccsu.edu/programs/artificial-intelligence-ms
2025-11-27 00:25:05 [INFO] ThreadPoolExecutor-0_2 - Get :https://www.ccsu.edu/programs/asian-american-and-pacific-islander-studies-minor
2025-11-27 00:25:05 [INFO] ThreadPoolExecutor-0_4 - Get :https://www.ccsu.edu/programs/astrobiology-minor
2025-11-27 00:25:05 [INFO] ThreadPoolExecutor-0_3 - Get :https://www.ccsu.edu/programs/astronomy-minor
2025-11-27 00:25:05 [INFO] ThreadPoolExecutor-0_5 - Get :https://www.ccsu.edu/programs/athletic-training-msat
2025-11-27 00:25:06 [INFO] ThreadPoolExecutor-0_6 - Get :https://www.ccsu.edu/programs/biochemistry-bs
2025-11-27 00:25:06 [INFO] ThreadPoolExecutor-0_1 - Get :https://www.ccsu.edu/programs/accounting-ms
2025-11-27 00:25:06 [INFO] ThreadPoolExecutor-0_7 - Get :https://www.ccsu.edu/programs/biochemistry-minor
2025-11-27 00:25:06 [INFO] ThreadPoolExecutor-0_8 - Get :https://www.ccsu.edu/programs/biology-bs
2025-11-27 00:25:06 [INFO] ThreadPoolExecutor-0_9 - Get :https://www.ccsu.edu/programs/biology-non-teaching-minor
2025-11-27 00:25:06 [INFO] ThreadPoolExecutor-0_0 - Get :https://www.ccsu.edu/programs/biology-certifiable-secondary-teaching-bs
2025-11-27 00:25:06 [INFO] ThreadPoolExecutor-0_2 - Get :https://www.ccsu.edu/programs/biological-sciences-ma/ms
2025-11-27 00:25:06 [INFO] ThreadPoolExecutor-0_4 - Get :https://www.ccsu.edu/programs/post-baccalaureate-teacher-preparation-biology-secondary-education
2025-11-27 00:25:06 [INFO] ThreadPoolExecutor-0_3 - Get :https://www.ccsu.edu/programs/biomolecular-sciences-bs
2025-11-27 00:25:06 [INFO] ThreadPoolExecutor-0_5 - Get :https://www.ccsu.edu/programs/biomolecular-sciences-non-teaching-minor
2025-11-27 00:25:06 [INFO] ThreadPoolExecutor-0_6 - Get :https://www.ccsu.edu/programs/biomolecular-sciences-ms
2025-11-27 00:25:07 [INFO] ThreadPoolExecutor-0_1 - Get :https://www.ccsu.edu/programs/business-bs
2025-11-27 00:25:07 [INFO] ThreadPoolExecutor-0_7 - Get :https://www.ccsu.edu/programs/business-analytics-bs
2025-11-27 00:25:07 [INFO] ThreadPoolExecutor-0_8 - Get :https://www.ccsu.edu/programs/project-management-certificate
2025-11-27 00:25:07 [INFO] ThreadPoolExecutor-0_9 - Get :https://www.ccsu.edu/programs/applied-metrology-six-sigma-quality-certificate
2025-11-27 00:25:07 [INFO] ThreadPoolExecutor-0_0 - Get :https://www.ccsu.edu/programs/business-non-business-majors-minor
2025-11-27 00:25:07 [INFO] ThreadPoolExecutor-0_2 - Get :https://www.ccsu.edu/programs/business-administration-mba
2025-11-27 00:25:07 [INFO] ThreadPoolExecutor-0_4 - Get :https://www.ccsu.edu/programs/official-certificate-program-business-analytics
2025-11-27 00:25:07 [INFO] ThreadPoolExecutor-0_3 - Get :https://www.ccsu.edu/programs/official-certificate-program-business-leadership
2025-11-27 00:25:07 [INFO] ThreadPoolExecutor-0_5 - Get :https://www.ccsu.edu/programs/chemistry-bs
2025-11-27 00:25:07 [INFO] ThreadPoolExecutor-0_6 - Get :https://www.ccsu.edu/programs/chemistry-minor
2025-11-27 00:25:08 [INFO] ThreadPoolExecutor-0_1 - Get :https://www.ccsu.edu/programs/chemistry-certifiable-secondary-education-bs
2025-11-27 00:25:08 [INFO] ThreadPoolExecutor-0_7 - Get :https://www.ccsu.edu/programs/cinema-studies-minor
2025-11-27 00:25:08 [INFO] ThreadPoolExecutor-0_8 - Get :https://www.ccsu.edu/programs/civil-engineering-bs
2025-11-27 00:25:08 [INFO] ThreadPoolExecutor-0_9 - Get :https://www.ccsu.edu/programs/climate-change-studies-bs
2025-11-27 00:25:08 [INFO] ThreadPoolExecutor-0_0 - Get :https://www.ccsu.edu/programs/climate-change-studies-ba
2025-11-27 00:25:08 [INFO] ThreadPoolExecutor-0_2 - Get :https://www.ccsu.edu/programs/climate-change-studies-minor
2025-11-27 00:25:08 [INFO] ThreadPoolExecutor-0_4 - Get :https://www.ccsu.edu/programs/official-certificate-program-commercial-lending
2025-11-27 00:25:08 [INFO] ThreadPoolExecutor-0_3 - Get :https://www.ccsu.edu/programs/strategic-communication-ba
2025-11-27 00:25:08 [INFO] ThreadPoolExecutor-0_5 - Get :https://www.ccsu.edu/programs/strategic-communication-minor
2025-11-27 00:25:08 [INFO] ThreadPoolExecutor-0_6 - Get :https://www.ccsu.edu/programs/strategic-communication-ms
2025-11-27 00:25:09 [INFO] ThreadPoolExecutor-0_1 - Get :https://www.ccsu.edu/programs/community-engagement-minor
2025-11-27 00:25:09 [INFO] ThreadPoolExecutor-0_7 - Get :https://www.ccsu.edu/programs/graphics-technology-bs
2025-11-27 00:25:09 [INFO] ThreadPoolExecutor-0_8 - Get :https://www.ccsu.edu/programs/graphics-technology-minor
2025-11-27 00:25:09 [INFO] ThreadPoolExecutor-0_9 - Get :https://www.ccsu.edu/programs/computer-engineering-technology-bs
2025-11-27 00:25:09 [INFO] ThreadPoolExecutor-0_0 - Get :https://www.ccsu.edu/programs/computer-science-ba
2025-11-27 00:25:09 [INFO] ThreadPoolExecutor-0_2 - Get :https://www.ccsu.edu/programs/computer-science-bs
2025-11-27 00:25:09 [INFO] ThreadPoolExecutor-0_4 - Get :https://www.ccsu.edu/programs/database-management-certificate
2025-11-27 00:25:09 [INFO] ThreadPoolExecutor-0_3 - Get :https://www.ccsu.edu/programs/computer-science-minor
2025-11-27 00:25:09 [INFO] ThreadPoolExecutor-0_5 - Get :https://www.ccsu.edu/programs/cybersecurity-technology-minor
2025-11-27 00:25:09 [INFO] ThreadPoolExecutor-0_6 - Get :https://www.ccsu.edu/programs/digital-humanities-minor
2025-11-27 00:25:10 [INFO] ThreadPoolExecutor-0_1 - Get :https://www.ccsu.edu/programs/computer-information-technology-ms
2025-11-27 00:25:10 [INFO] ThreadPoolExecutor-0_7 - Get :https://www.ccsu.edu/programs/construction-management-bs
2025-11-27 00:25:10 [INFO] ThreadPoolExecutor-0_8 - Get :https://www.ccsu.edu/programs/building-construction-management-minor
2025-11-27 00:25:10 [INFO] ThreadPoolExecutor-0_9 - Get :https://www.ccsu.edu/programs/construction-management-ms
2025-11-27 00:25:10 [INFO] ThreadPoolExecutor-0_0 - Get :https://www.ccsu.edu/programs/official-certificate-program-construction-management
2025-11-27 00:25:10 [INFO] ThreadPoolExecutor-0_2 - Get :https://www.ccsu.edu/programs/counselor-education-specialization-clinical-professional-counseling-ms
2025-11-27 00:25:10 [INFO] ThreadPoolExecutor-0_4 - Get :https://www.ccsu.edu/programs/counselor-education-specialization-school-counseling-ms
2025-11-27 00:25:10 [INFO] ThreadPoolExecutor-0_3 - Get :https://www.ccsu.edu/programs/student-development-higher-education-ms
2025-11-27 00:25:10 [INFO] ThreadPoolExecutor-0_5 - Get :https://www.ccsu.edu/programs/advanced-official-certificate-program-professional-counseling
2025-11-27 00:25:10 [INFO] ThreadPoolExecutor-0_6 - Get :https://www.ccsu.edu/programs/creative-writing-minor
2025-11-27 00:25:11 [INFO] ThreadPoolExecutor-0_1 - Get :https://www.ccsu.edu/programs/criminology-ba
2025-11-27 00:25:11 [INFO] ThreadPoolExecutor-0_7 - Get :https://www.ccsu.edu/programs/criminal-justice-minor
2025-11-27 00:25:11 [INFO] ThreadPoolExecutor-0_8 - Get :https://www.ccsu.edu/programs/criminal-justice-ms
2025-11-27 00:25:11 [INFO] ThreadPoolExecutor-0_9 - Get :https://www.ccsu.edu/programs/criminal-justice-administration-ma
2025-11-27 00:25:11 [INFO] ThreadPoolExecutor-0_0 - Get :https://www.ccsu.edu/programs/official-certificate-program-criminal-justice-leadership
2025-11-27 00:25:11 [INFO] ThreadPoolExecutor-0_2 - Get :https://www.ccsu.edu/programs/official-certificate-program-victims-advocacy
2025-11-27 00:25:11 [INFO] ThreadPoolExecutor-0_4 - Get :https://www.ccsu.edu/programs/official-certificate-program-forensic-counseling
2025-11-27 00:25:11 [INFO] ThreadPoolExecutor-0_3 - Get :https://www.ccsu.edu/programs/cross-cultural-analysis-minor
2025-11-27 00:25:11 [INFO] ThreadPoolExecutor-0_5 - Get :https://www.ccsu.edu/programs/cybersecurity-bs
2025-11-27 00:25:11 [INFO] ThreadPoolExecutor-0_6 - Get :https://www.ccsu.edu/programs/cybersecurity-ms
2025-11-27 00:25:12 [INFO] ThreadPoolExecutor-0_1 - Get :https://www.ccsu.edu/programs/dance-minor
2025-11-27 00:25:12 [INFO] ThreadPoolExecutor-0_7 - Get :https://www.ccsu.edu/programs/dance-education-bs
2025-11-27 00:25:12 [INFO] ThreadPoolExecutor-0_8 - Get :https://www.ccsu.edu/programs/data-science-ms
2025-11-27 00:25:12 [INFO] ThreadPoolExecutor-0_9 - Get :https://www.ccsu.edu/programs/official-certificate-program-data-science
2025-11-27 00:25:12 [INFO] ThreadPoolExecutor-0_0 - Get :https://www.ccsu.edu/programs/detective-certificate
2025-11-27 00:25:12 [INFO] ThreadPoolExecutor-0_2 - Get :https://www.ccsu.edu/programs/advanced-detective-certificate
2025-11-27 00:25:12 [INFO] ThreadPoolExecutor-0_4 - Get :https://www.ccsu.edu/programs/early-childhood-studies
2025-11-27 00:25:12 [INFO] ThreadPoolExecutor-0_3 - Get :https://www.ccsu.edu/programs/earth-sciences-bs
2025-11-27 00:25:12 [INFO] ThreadPoolExecutor-0_5 - Get :https://www.ccsu.edu/programs/earth-sciences-minor
2025-11-27 00:25:13 [INFO] ThreadPoolExecutor-0_6 - Get :https://www.ccsu.edu/programs/earth-sciences-certifiable-secondary-teaching-minor
2025-11-27 00:25:13 [INFO] ThreadPoolExecutor-0_1 - Get :https://www.ccsu.edu/programs/earth-sciences-certifiable-secondary-education-bs
2025-11-27 00:25:13 [INFO] ThreadPoolExecutor-0_7 - Get :https://www.ccsu.edu/programs/east-asian-studies-minor
2025-11-27 00:25:13 [INFO] ThreadPoolExecutor-0_8 - Get :https://www.ccsu.edu/programs/economics-ba
2025-11-27 00:25:13 [INFO] ThreadPoolExecutor-0_9 - Get :https://www.ccsu.edu/programs/economics-minor
2025-11-27 00:25:13 [INFO] ThreadPoolExecutor-0_0 - Get :https://www.ccsu.edu/programs/educational-leadership-edd
2025-11-27 00:25:13 [INFO] ThreadPoolExecutor-0_2 - Get :https://www.ccsu.edu/programs/sixth-year-certificate-educational-leadership
2025-11-27 00:25:13 [INFO] ThreadPoolExecutor-0_4 - Get :https://www.ccsu.edu/programs/educational-technology-ms
2025-11-27 00:25:13 [INFO] ThreadPoolExecutor-0_3 - Get :https://www.ccsu.edu/programs/electrical-engineering-bs
2025-11-27 00:25:13 [INFO] ThreadPoolExecutor-0_5 - Get :https://www.ccsu.edu/programs/electronics-technology-bs
2025-11-27 00:25:13 [INFO] ThreadPoolExecutor-0_6 - Get :https://www.ccsu.edu/programs/elementary-education-bs
2025-11-27 00:25:14 [INFO] ThreadPoolExecutor-0_1 - Get :https://www.ccsu.edu/programs/elementary-education-ms
2025-11-27 00:25:14 [INFO] ThreadPoolExecutor-0_7 - Get :https://www.ccsu.edu/programs/post-baccalaureate-teacher-preparation-elementary-education
2025-11-27 00:25:14 [INFO] ThreadPoolExecutor-0_8 - Get :https://www.ccsu.edu/programs/systems-engineering-minor
2025-11-27 00:25:14 [INFO] ThreadPoolExecutor-0_0 - Get :https://www.ccsu.edu/programs/english-ba
2025-11-27 00:25:14 [INFO] ThreadPoolExecutor-0_2 - Get :https://www.ccsu.edu/programs/english-minor
2025-11-27 00:25:14 [INFO] ThreadPoolExecutor-0_4 - Get :https://www.ccsu.edu/programs/english-certifiable-elementary-education-bs
2025-11-27 00:25:14 [INFO] ThreadPoolExecutor-0_3 - Get :https://www.ccsu.edu/programs/english-certifiable-secondary-education-bs
2025-11-27 00:25:14 [INFO] ThreadPoolExecutor-0_5 - Get :https://www.ccsu.edu/programs/english-ma
2025-11-27 00:25:14 [INFO] ThreadPoolExecutor-0_6 - Get :https://www.ccsu.edu/programs/post-baccalaureate-teacher-preparation-english-secondary-education
2025-11-27 00:25:15 [INFO] ThreadPoolExecutor-0_1 - Get :https://www.ccsu.edu/programs/entrepreneurship-minor
2025-11-27 00:25:15 [INFO] ThreadPoolExecutor-0_7 - Get :https://www.ccsu.edu/programs/official-certificate-program-environmental-and-occupational-safety
2025-11-27 00:25:15 [INFO] ThreadPoolExecutor-0_8 - Get :https://www.ccsu.edu/programs/european-studies-minor
2025-11-27 00:25:15 [INFO] ThreadPoolExecutor-0_0 - Get :https://www.ccsu.edu/programs/exercise-science-bs
2025-11-27 00:25:15 [INFO] ThreadPoolExecutor-0_2 - Get :https://www.ccsu.edu/programs/finance-bs
2025-11-27 00:25:15 [INFO] ThreadPoolExecutor-0_4 - Get :https://www.ccsu.edu/programs/game-studies-minor
2025-11-27 00:25:15 [INFO] ThreadPoolExecutor-0_3 - Get :https://www.ccsu.edu/programs/general-science-certifiable-secondary-teaching-minor
2025-11-27 00:25:15 [INFO] ThreadPoolExecutor-0_5 - Get :https://www.ccsu.edu/programs/general-science-biology-or-earth-sciences-certifiable-elementary-education-bs
2025-11-27 00:25:15 [INFO] ThreadPoolExecutor-0_6 - Get :https://www.ccsu.edu/programs/general-studies-bgs
2025-11-27 00:25:15 [INFO] ThreadPoolExecutor-0_1 - Get :https://www.ccsu.edu/programs/geography-ba-bs
2025-11-27 00:25:16 [INFO] ThreadPoolExecutor-0_7 - Get :https://www.ccsu.edu/programs/environmental-geography-minor
2025-11-27 00:25:16 [INFO] ThreadPoolExecutor-0_8 - Get :https://www.ccsu.edu/programs/geographic-information-sciences-minor
2025-11-27 00:25:16 [INFO] ThreadPoolExecutor-0_9 - Get :https://www.ccsu.edu/programs/systems-engineering-ocp
2025-11-27 00:25:16 [INFO] ThreadPoolExecutor-0_0 - Get :https://www.ccsu.edu/programs/geography-minor
2025-11-27 00:25:16 [INFO] ThreadPoolExecutor-0_2 - Get :https://www.ccsu.edu/programs/geography-planning-minor
2025-11-27 00:25:16 [INFO] ThreadPoolExecutor-0_4 - Get :https://www.ccsu.edu/programs/geography-ms
2025-11-27 00:25:16 [INFO] ThreadPoolExecutor-0_3 - Get :https://www.ccsu.edu/programs/geology-minor
2025-11-27 00:25:16 [INFO] ThreadPoolExecutor-0_5 - Get :https://www.ccsu.edu/programs/gerontology-certificate
2025-11-27 00:25:16 [INFO] ThreadPoolExecutor-0_6 - Get :https://www.ccsu.edu/programs/gerontology-minor
2025-11-27 00:25:16 [INFO] ThreadPoolExecutor-0_1 - Get :https://www.ccsu.edu/programs/graphic-information-design-ba
2025-11-27 00:25:16 [INFO] ThreadPoolExecutor-0_7 - Get :https://www.ccsu.edu/programs/undergraduate-certificate-ux-design
2025-11-27 00:25:17 [INFO] ThreadPoolExecutor-0_8 - Get :https://www.ccsu.edu/programs/information-design-ma
2025-11-27 00:25:17 [INFO] ThreadPoolExecutor-0_9 - Get :https://www.ccsu.edu/programs/history-ba
2025-11-27 00:25:17 [INFO] ThreadPoolExecutor-0_0 - Get :https://www.ccsu.edu/programs/cultural-resource-management-undergraduate-certificate
2025-11-27 00:25:17 [INFO] ThreadPoolExecutor-0_2 - Get :https://www.ccsu.edu/programs/history-minor
2025-11-27 00:25:17 [INFO] ThreadPoolExecutor-0_4 - Get :https://www.ccsu.edu/programs/public-history-minor
2025-11-27 00:25:17 [INFO] ThreadPoolExecutor-0_3 - Get :https://www.ccsu.edu/programs/history-certifiable-elementary-education-bs
2025-11-27 00:25:17 [INFO] ThreadPoolExecutor-0_5 - Get :https://www.ccsu.edu/programs/history/social-studies-certifiable-secondary-education-bs
2025-11-27 00:25:17 [INFO] ThreadPoolExecutor-0_6 - Get :https://www.ccsu.edu/programs/history-ma
2025-11-27 00:25:17 [INFO] ThreadPoolExecutor-0_1 - Get :https://www.ccsu.edu/programs/public-history-ma
2025-11-27 00:25:17 [INFO] ThreadPoolExecutor-0_7 - Get :https://www.ccsu.edu/programs/cultural-resource-management-ocp
2025-11-27 00:25:18 [INFO] ThreadPoolExecutor-0_8 - Get :https://www.ccsu.edu/programs/post-baccalaureate-teacher-preparation-history/social-studies-secondary-education
2025-11-27 00:25:18 [INFO] ThreadPoolExecutor-0_9 - Get :https://www.ccsu.edu/programs/international-studies-ba
2025-11-27 00:25:18 [INFO] ThreadPoolExecutor-0_0 - Get :https://www.ccsu.edu/programs/global-studies-minor
2025-11-27 00:25:18 [INFO] ThreadPoolExecutor-0_2 - Get :https://www.ccsu.edu/programs/international-studies-ms
2025-11-27 00:25:18 [INFO] ThreadPoolExecutor-0_4 - Get :https://www.ccsu.edu/programs/journalism-ba
2025-11-27 00:25:18 [INFO] ThreadPoolExecutor-0_3 - Get :https://www.ccsu.edu/programs/journalism-minor
2025-11-27 00:25:18 [INFO] ThreadPoolExecutor-0_5 - Get :https://www.ccsu.edu/programs/french-ba
2025-11-27 00:25:18 [INFO] ThreadPoolExecutor-0_6 - Get :https://www.ccsu.edu/programs/italian-ba
2025-11-27 00:25:18 [INFO] ThreadPoolExecutor-0_1 - Get :https://www.ccsu.edu/programs/spanish-ba
2025-11-27 00:25:19 [INFO] ThreadPoolExecutor-0_7 - Get :https://www.ccsu.edu/programs/asl-and-deaf-studies-program
2025-11-27 00:25:19 [INFO] ThreadPoolExecutor-0_8 - Get :https://www.ccsu.edu/programs/english-spanish-translation-certificate
2025-11-27 00:25:19 [INFO] ThreadPoolExecutor-0_9 - Get :https://www.ccsu.edu/programs/world-languages-literatures-and-cultures-minor
2025-11-27 00:25:19 [INFO] ThreadPoolExecutor-0_0 - Get :https://www.ccsu.edu/programs/french-certifiable-secondary-education-bs
2025-11-27 00:25:19 [INFO] ThreadPoolExecutor-0_2 - Get :https://www.ccsu.edu/programs/italian-certifiable-secondary-education
2025-11-27 00:25:19 [INFO] ThreadPoolExecutor-0_4 - Get :https://www.ccsu.edu/programs/world-languages-ma
2025-11-27 00:25:19 [INFO] ThreadPoolExecutor-0_3 - Get :https://www.ccsu.edu/programs/spanish-inter-university-spanish-language-culture-ma
2025-11-27 00:25:19 [INFO] ThreadPoolExecutor-0_5 - Get :https://www.ccsu.edu/programs/post-baccalaureate-teacher-preparation-modern-languages-secondary-education
2025-11-27 00:25:19 [INFO] ThreadPoolExecutor-0_6 - Get :https://www.ccsu.edu/programs/latin-american-studies-minor
2025-11-27 00:25:19 [INFO] ThreadPoolExecutor-0_1 - Get :https://www.ccsu.edu/programs/latino-puerto-rican-studies-minor
2025-11-27 00:25:19 [INFO] ThreadPoolExecutor-0_7 - Get :https://www.ccsu.edu/programs/official-certificate-program-lean-manufacturing-and-six-sigma
2025-11-27 00:25:20 [INFO] ThreadPoolExecutor-0_8 - Get :https://www.ccsu.edu/programs/linguistics-minor
2025-11-27 00:25:20 [INFO] ThreadPoolExecutor-0_9 - Get :https://www.ccsu.edu/programs/applied-linguistics-ma
2025-11-27 00:25:20 [INFO] ThreadPoolExecutor-0_0 - Get :https://www.ccsu.edu/programs/management-bs
2025-11-27 00:25:20 [INFO] ThreadPoolExecutor-0_2 - Get :https://www.ccsu.edu/programs/management-information-systems-bs
2025-11-27 00:25:20 [INFO] ThreadPoolExecutor-0_4 - Get :https://www.ccsu.edu/programs/management-information-systems-business-majors-and-non-business-majors-minor
2025-11-27 00:25:20 [INFO] ThreadPoolExecutor-0_3 - Get :https://www.ccsu.edu/programs/manufacturing-engineering-technology-bs
2025-11-27 00:25:20 [INFO] ThreadPoolExecutor-0_5 - Get :https://www.ccsu.edu/programs/official-certificate-program-additive-manufacturing-engineering
2025-11-27 00:25:20 [INFO] ThreadPoolExecutor-0_6 - Get :https://www.ccsu.edu/programs/official-certificate-program-advanced-manufacturing-engineering
2025-11-27 00:25:20 [INFO] ThreadPoolExecutor-0_1 - Get :https://www.ccsu.edu/programs/manufacturing-management-bs
2025-11-27 00:25:20 [INFO] ThreadPoolExecutor-0_7 - Get :https://www.ccsu.edu/programs/marketing-bs
2025-11-27 00:25:21 [INFO] ThreadPoolExecutor-0_8 - Get :https://www.ccsu.edu/programs/marketing-minor
2025-11-27 00:25:21 [INFO] ThreadPoolExecutor-0_9 - Get :https://www.ccsu.edu/programs/marriage-family-therapy-ms
2025-11-27 00:25:21 [INFO] ThreadPoolExecutor-0_0 - Get :https://www.ccsu.edu/programs/mathematics-ba
2025-11-27 00:25:21 [INFO] ThreadPoolExecutor-0_2 - Get :https://www.ccsu.edu/programs/mathematics-actuarial-science-ba
2025-11-27 00:25:21 [INFO] ThreadPoolExecutor-0_4 - Get :https://www.ccsu.edu/programs/mathematics-statistics-ba
2025-11-27 00:25:21 [INFO] ThreadPoolExecutor-0_3 - Get :https://www.ccsu.edu/programs/mathematics-students-completing-secondary-certificates-minor
2025-11-27 00:25:21 [INFO] ThreadPoolExecutor-0_5 - Get :https://www.ccsu.edu/programs/mathematics-minor
2025-11-27 00:25:21 [INFO] ThreadPoolExecutor-0_6 - Get :https://www.ccsu.edu/programs/statistics-minor
2025-11-27 00:25:21 [INFO] ThreadPoolExecutor-0_1 - Get :https://www.ccsu.edu/programs/mathematics-certifiable-secondary-education-bs
2025-11-27 00:25:22 [INFO] ThreadPoolExecutor-0_7 - Get :https://www.ccsu.edu/programs/mathematics-bs-certifiable-elementary-teaching
2025-11-27 00:25:22 [INFO] ThreadPoolExecutor-0_8 - Get :https://www.ccsu.edu/programs/mathematics-specialization-actuarial-science-ma
2025-11-27 00:25:22 [INFO] ThreadPoolExecutor-0_9 - Get :https://www.ccsu.edu/programs/mathematics-specialization-computer-science-ma
2025-11-27 00:25:22 [INFO] ThreadPoolExecutor-0_0 - Get :https://www.ccsu.edu/programs/mathematics-specialization-statistics-ma
2025-11-27 00:25:22 [INFO] ThreadPoolExecutor-0_2 - Get :https://www.ccsu.edu/programs/mathematics-certified-teachers-ms
2025-11-27 00:25:22 [INFO] ThreadPoolExecutor-0_4 - Get :https://www.ccsu.edu/programs/mathematics-ma
2025-11-27 00:25:22 [INFO] ThreadPoolExecutor-0_3 - Get :https://www.ccsu.edu/programs/post-baccalaureate-teacher-preparation-mathematics-secondary-education
2025-11-27 00:25:22 [INFO] ThreadPoolExecutor-0_5 - Get :https://www.ccsu.edu/programs/mechanical-engineering-bs
2025-11-27 00:25:22 [INFO] ThreadPoolExecutor-0_6 - Get :https://www.ccsu.edu/programs/mechanical-engineering-technology-bs
2025-11-27 00:25:22 [INFO] ThreadPoolExecutor-0_1 - Get :https://www.ccsu.edu/programs/mechanical-engineering-ms
2025-11-27 00:25:22 [INFO] ThreadPoolExecutor-0_7 - Get :https://www.ccsu.edu/programs/media-studies-ba
2025-11-27 00:25:23 [INFO] ThreadPoolExecutor-0_9 - Get :https://www.ccsu.edu/programs/media-studies-minor
2025-11-27 00:25:23 [INFO] ThreadPoolExecutor-0_0 - Get :https://www.ccsu.edu/programs/middle-eastern-studies-minor
2025-11-27 00:25:23 [INFO] ThreadPoolExecutor-0_2 - Get :https://www.ccsu.edu/programs/music-ba
2025-11-27 00:25:23 [INFO] ThreadPoolExecutor-0_4 - Get :https://www.ccsu.edu/programs/music-education-bs
2025-11-27 00:25:23 [INFO] ThreadPoolExecutor-0_3 - Get :https://www.ccsu.edu/programs/music-minor
2025-11-27 00:25:23 [INFO] ThreadPoolExecutor-0_5 - Get :https://www.ccsu.edu/programs/post-baccalaureate-teacher-preparation-music-education-k-12
2025-11-27 00:25:23 [INFO] ThreadPoolExecutor-0_6 - Get :https://www.ccsu.edu/programs/networking-information-technology-bs
2025-11-27 00:25:23 [INFO] ThreadPoolExecutor-0_1 - Get :https://www.ccsu.edu/programs/networking-technology-minor
2025-11-27 00:25:23 [INFO] ThreadPoolExecutor-0_7 - Get :https://www.ccsu.edu/programs/doctor-nurse-anesthesia-practice-dnap
2025-11-27 00:25:24 [INFO] ThreadPoolExecutor-0_9 - Get :https://www.ccsu.edu/programs/nursing-bsn
2025-11-27 00:25:24 [INFO] ThreadPoolExecutor-0_0 - Get :https://www.ccsu.edu/programs/nursing-rn-bsn
2025-11-27 00:25:24 [INFO] ThreadPoolExecutor-0_2 - Get :https://www.ccsu.edu/programs/accelerated-bachelor-science-nursing-bsn
2025-11-27 00:25:24 [INFO] ThreadPoolExecutor-0_4 - Get :https://www.ccsu.edu/programs/nursing-msn
2025-11-27 00:25:24 [INFO] ThreadPoolExecutor-0_3 - Get :https://www.ccsu.edu/programs/peace-studies-minor
2025-11-27 00:25:24 [INFO] ThreadPoolExecutor-0_5 - Get :https://www.ccsu.edu/programs/personal-financial-planning-minor
2025-11-27 00:25:24 [INFO] ThreadPoolExecutor-0_6 - Get :https://www.ccsu.edu/programs/philosophy-ba
2025-11-27 00:25:24 [INFO] ThreadPoolExecutor-0_1 - Get :https://www.ccsu.edu/programs/philosophy-minor
2025-11-27 00:25:24 [INFO] ThreadPoolExecutor-0_7 - Get :https://www.ccsu.edu/programs/physical-education-bs
2025-11-27 00:25:25 [INFO] ThreadPoolExecutor-0_9 - Get :https://www.ccsu.edu/programs/physical-education-specialization-exercise-science-ms
2025-11-27 00:25:25 [INFO] ThreadPoolExecutor-0_0 - Get :https://www.ccsu.edu/programs/physical-education-teaching-pe-ms
2025-11-27 00:25:25 [INFO] ThreadPoolExecutor-0_2 - Get :https://www.ccsu.edu/programs/post-baccalaureate-teacher-preparation-physical-education-k-12
2025-11-27 00:25:25 [INFO] ThreadPoolExecutor-0_4 - Get :https://www.ccsu.edu/programs/physics-bs
2025-11-27 00:25:25 [INFO] ThreadPoolExecutor-0_8 - Get :https://www.ccsu.edu/programs/integrated-multimedia-production-ba
2025-11-27 00:25:25 [INFO] ThreadPoolExecutor-0_3 - Get :https://www.ccsu.edu/programs/physics-minor
2025-11-27 00:25:25 [INFO] ThreadPoolExecutor-0_5 - Get :https://www.ccsu.edu/programs/physics-certifiable-secondary-education-bs
2025-11-27 00:25:25 [INFO] ThreadPoolExecutor-0_6 - Get :https://www.ccsu.edu/programs/polish-studies-minor
2025-11-27 00:25:25 [INFO] ThreadPoolExecutor-0_1 - Get :https://www.ccsu.edu/programs/political-science-ba
2025-11-27 00:25:25 [INFO] ThreadPoolExecutor-0_7 - Get :https://www.ccsu.edu/programs/political-science-minor
2025-11-27 00:25:25 [INFO] ThreadPoolExecutor-0_9 - Get :https://www.ccsu.edu/programs/official-certificate-program-pre-health-studies
2025-11-27 00:25:26 [INFO] ThreadPoolExecutor-0_0 - Get :https://www.ccsu.edu/programs/psychological-science-ba
2025-11-27 00:25:26 [INFO] ThreadPoolExecutor-0_2 - Get :https://www.ccsu.edu/programs/psychological-science-minor
2025-11-27 00:25:26 [INFO] ThreadPoolExecutor-0_4 - Get :https://www.ccsu.edu/programs/psychology-ma
2025-11-27 00:25:26 [INFO] ThreadPoolExecutor-0_8 - Get :https://www.ccsu.edu/programs/official-certificate-program-public-relations/promotions
2025-11-27 00:25:26 [INFO] ThreadPoolExecutor-0_5 - Get :https://www.ccsu.edu/programs/reading-and-language-arts-ms
2025-11-27 00:25:26 [INFO] ThreadPoolExecutor-0_6 - Get :https://www.ccsu.edu/programs/advanced-official-certificate-program-reading-and-language-arts
2025-11-27 00:25:26 [INFO] ThreadPoolExecutor-0_1 - Get :https://www.ccsu.edu/programs/sixth-year-certificate-reading-and-language-arts
2025-11-27 00:25:26 [INFO] ThreadPoolExecutor-0_9 - Get :https://www.ccsu.edu/programs/robotics-and-mechatronics-engineering-technology-bs
2025-11-27 00:25:26 [INFO] ThreadPoolExecutor-0_0 - Get :https://www.ccsu.edu/programs/science-minor
2025-11-27 00:25:27 [INFO] ThreadPoolExecutor-0_2 - Get :https://www.ccsu.edu/programs/post-baccalaureate-teacher-preparation-science-secondary-education
2025-11-27 00:25:27 [INFO] ThreadPoolExecutor-0_4 - Get :https://www.ccsu.edu/programs/social-studies-minor
2025-11-27 00:25:27 [INFO] ThreadPoolExecutor-0_8 - Get :https://www.ccsu.edu/programs/social-work-ba
2025-11-27 00:25:27 [INFO] ThreadPoolExecutor-0_5 - Get :https://www.ccsu.edu/programs/social-work-msw
2025-11-27 00:25:27 [INFO] ThreadPoolExecutor-0_6 - Get :https://www.ccsu.edu/programs/sociology-ba
2025-11-27 00:25:27 [INFO] ThreadPoolExecutor-0_1 - Get :https://www.ccsu.edu/programs/sociology-minor
2025-11-27 00:25:27 [INFO] ThreadPoolExecutor-0_9 - Get :https://www.ccsu.edu/programs/software-engineering-ms
2025-11-27 00:25:27 [INFO] ThreadPoolExecutor-0_0 - Get :https://www.ccsu.edu/programs/official-certificate-program-software-engineering
2025-11-27 00:25:27 [INFO] ThreadPoolExecutor-0_2 - Get :https://www.ccsu.edu/programs/certificate-spanish-health-professionals
2025-11-27 00:25:27 [INFO] ThreadPoolExecutor-0_4 - Get :https://www.ccsu.edu/programs/spanish-certifiable-secondary-education-bs
2025-11-27 00:25:28 [INFO] ThreadPoolExecutor-0_6 - Get :https://www.ccsu.edu/programs/special-education-initial-cert-cross-endorsement
2025-11-27 00:25:28 [INFO] ThreadPoolExecutor-0_5 - Get :https://www.ccsu.edu/programs/special-education-ms
2025-11-27 00:25:28 [INFO] ThreadPoolExecutor-0_0 - Get :https://www.ccsu.edu/programs/advanced-official-certificate-program-superintendent-schools
2025-11-27 00:25:28 [INFO] ThreadPoolExecutor-0_9 - Get :https://www.ccsu.edu/programs/science-technology-engineering-and-math-education-stem-ms
2025-11-27 00:25:28 [INFO] ThreadPoolExecutor-0_1 - Get :https://www.ccsu.edu/programs/individualized-major
2025-11-27 00:25:28 [INFO] ThreadPoolExecutor-0_3 - Get :https://www.ccsu.edu/programs/racial-justice-certificate
2025-11-27 00:25:28 [INFO] ThreadPoolExecutor-0_2 - Get :https://www.ccsu.edu/programs/supply-chain-and-logistics-management-ms
2025-11-27 00:25:28 [INFO] ThreadPoolExecutor-0_4 - Get :https://www.ccsu.edu/programs/official-certificate-program-supply-chain-and-logistics
2025-11-27 00:25:28 [INFO] ThreadPoolExecutor-0_6 - Get :https://www.ccsu.edu/programs/teacher-education-mat
2025-11-27 00:25:29 [INFO] ThreadPoolExecutor-0_5 - Get :https://www.ccsu.edu/programs/teacher-leadership-ms
2025-11-27 00:25:29 [INFO] ThreadPoolExecutor-0_0 - Get :https://www.ccsu.edu/programs/technology-engineering-education-bs
2025-11-27 00:25:29 [INFO] ThreadPoolExecutor-0_9 - Get :https://www.ccsu.edu/programs/post-baccalaureate-teacher-preparation-technology-and-engineering-education-k-12
2025-11-27 00:25:29 [INFO] ThreadPoolExecutor-0_7 - Get :https://www.ccsu.edu/programs/religious-studies-minor
2025-11-27 00:25:29 [INFO] ThreadPoolExecutor-0_1 - Get :https://www.ccsu.edu/programs/technology-management-bs
2025-11-27 00:25:29 [INFO] ThreadPoolExecutor-0_3 - Get :https://www.ccsu.edu/programs/quality-management-minor
2025-11-27 00:25:29 [INFO] ThreadPoolExecutor-0_2 - Get :https://www.ccsu.edu/programs/technology-management-ms
2025-11-27 00:25:29 [INFO] ThreadPoolExecutor-0_4 - Get :https://www.ccsu.edu/programs/tesol-minor
2025-11-27 00:25:29 [INFO] ThreadPoolExecutor-0_6 - Get :https://www.ccsu.edu/programs/official-certificate-program-tesol
2025-11-27 00:25:29 [INFO] ThreadPoolExecutor-0_5 - Get :https://www.ccsu.edu/programs/post-baccalaureate-teacher-preparation-tesol-k-12
2025-11-27 00:25:29 [INFO] ThreadPoolExecutor-0_8 - Get :https://www.ccsu.edu/programs/five-year-accelerated-bsms-special-education
2025-11-27 00:25:29 [INFO] ThreadPoolExecutor-0_0 - Get :https://www.ccsu.edu/programs/theatre-ba
2025-11-27 00:25:30 [INFO] ThreadPoolExecutor-0_9 - Get :https://www.ccsu.edu/programs/theatre-bfa
2025-11-27 00:25:30 [INFO] ThreadPoolExecutor-0_7 - Get :https://www.ccsu.edu/programs/theatre-minor
2025-11-27 00:25:30 [INFO] ThreadPoolExecutor-0_1 - Get :https://www.ccsu.edu/programs/theatre-performance-minor
2025-11-27 00:25:30 [INFO] ThreadPoolExecutor-0_3 - Get :https://www.ccsu.edu/programs/tourism-and-hospitality-bs
2025-11-27 00:25:30 [INFO] ThreadPoolExecutor-0_2 - Get :https://www.ccsu.edu/programs/tourism-minor
2025-11-27 00:25:30 [INFO] ThreadPoolExecutor-0_4 - Get :https://www.ccsu.edu/programs/official-certificate-program-transition-specialist
2025-11-27 00:25:30 [INFO] ThreadPoolExecutor-0_6 - Get :https://www.ccsu.edu/programs/women-gender-and-sexuality-studies-minor
2025-11-27 00:25:30 [INFO] ThreadPoolExecutor-0_5 - Get :https://www.ccsu.edu/programs/writing-publishing-minor
2025-11-27 00:25:30 [INFO] MainThread - Total programs crawled: 271
2025-11-27 00:25:30 [INFO] MainThread - Extraction is completed

